

     ************************************************************************
     *************** Dalton - An Electronic Structure Program ***************
     ************************************************************************

    This is output from DALTON 2014.0
   ----------------------------------------------------------------------------
    NOTE:
     
    Dalton is an experimental code for the evaluation of molecular
    properties using (MC)SCF, DFT, CI, and CC wave functions.
    The authors accept no responsibility for the performance of
    the code or for the correctness of the results.
     
    The code (in whole or part) is provided under a licence and
    is not to be reproduced for further distribution without
    the written permission of the authors or their representatives.
     
    See the home page "http://daltonprogram.org" for further information.
     
    If results obtained with this code are published,
    the appropriate citations would be both of:
     
       K. Aidas, C. Angeli, K. L. Bak, V. Bakken, R. Bast,
       L. Boman, O. Christiansen, R. Cimiraglia, S. Coriani,
       J. Cukras, P. Dahle, E. K. Dalskov, U. Ekstroem,
       T. Enevoldsen, J. J. Eriksen, P. Ettenhuber, B. Fernandez,
       L. Ferrighi, H. Fliegl, L. Frediani, K. Hald, A. Halkier,
       C. Haettig, H. Heiberg, T. Helgaker, A. C. Hennum,
       H. Hettema, E. Hjertenaes, S. Hoest, I.-M. Hoeyvik,
       M. F. Iozzi, B. Jansik, H. J. Aa. Jensen, D. Jonsson,
       P. Joergensen, M. Kaminski, J. Kauczor, S. Kirpekar,
       T. Kjaergaard, W. Klopper, S. Knecht, R. Kobayashi, H. Koch,
       J. Kongsted, A. Krapp, K. Kristensen, A. Ligabue,
       O. B. Lutnaes, J. I. Melo, K. V. Mikkelsen, R. H. Myhre,
       C. Neiss, C. B. Nielsen, P. Norman, J. Olsen,
       J. M. H. Olsen, A. Osted, M. J. Packer, F. Pawlowski,
       T. B. Pedersen, P. F. Provasi, S. Reine, Z. Rinkevicius,
       T. A. Ruden, K. Ruud, V. Rybkin, P. Salek, C. C. M. Samson,
       A. Sanchez de Meras, T. Saue, S. P. A. Sauer,
       B. Schimmelpfennig, K. Sneskov, A. H. Steindal,
       K. O. Sylvester-Hvid, P. R. Taylor, A. M. Teale,
       E. I. Tellgren, D. P. Tew, A. J. Thorvaldsen, L. Thoegersen,
       O. Vahtras, M. A. Watson, D. J. D. Wilson, M. Ziolkowski
       and H. Agren,
       "The Dalton quantum chemistry program system",
       WIREs Comput. Mol. Sci. 2013. (doi: 10.1002/wcms.1172)
    
    and
    
       Dalton, a Molecular Electronic Structure Program,
       Release DALTON2014.0 (2014), see http://daltonprogram.org
   ----------------------------------------------------------------------------

    Authors in alphabetical order (major contribution(s) in parenthesis):

  Kestutis Aidas,           Vilnius University,           Lithuania   (QM/MM)
  Celestino Angeli,         University of Ferrara,        Italy       (NEVPT2)
  Keld L. Bak,              UNI-C,                        Denmark     (AOSOPPA, non-adiabatic coupling, magnetic properties)
  Vebjoern Bakken,          University of Oslo,           Norway      (DALTON; geometry optimizer, symmetry detection)
  Radovan Bast,             KTH Stockholm,                Sweden      (DALTON installation and execution frameworks)
  Pablo Baudin,             University of Valencia,       Spain       (Cholesky excitation energies)
  Linus Boman,              NTNU,                         Norway      (Cholesky decomposition and subsystems)
  Ove Christiansen,         Aarhus University,            Denmark     (CC module)
  Renzo Cimiraglia,         University of Ferrara,        Italy       (NEVPT2)
  Sonia Coriani,            University of Trieste,        Italy       (CC module, MCD in RESPONS)
  Janusz Cukras,            University of Trieste,        Italy       (MChD in RESPONS)
  Paal Dahle,               University of Oslo,           Norway      (Parallelization)
  Erik K. Dalskov,          UNI-C,                        Denmark     (SOPPA)
  Thomas Enevoldsen,        Univ. of Southern Denmark,    Denmark     (SOPPA)
  Janus J. Eriksen,         Aarhus University,            Denmark     (Polarizable embedding model, TDA)
  Berta Fernandez,          U. of Santiago de Compostela, Spain       (doublet spin, ESR in RESPONS)
  Lara Ferrighi,            Aarhus University,            Denmark     (PCM Cubic response)
  Heike Fliegl,             University of Oslo,           Norway      (CCSD(R12))
  Luca Frediani,            UiT The Arctic U. of Norway,  Norway      (PCM)
  Bin Gao,                  UiT The Arctic U. of Norway,  Norway      (Gen1Int library)
  Christof Haettig,         Ruhr-University Bochum,       Germany     (CC module)
  Kasper Hald,              Aarhus University,            Denmark     (CC module)
  Asger Halkier,            Aarhus University,            Denmark     (CC module)
  Erik D. Hedegaard,        Univ. of Southern Denmark,    Denmark     (Polarizable embedding model, QM/MM)
  Hanne Heiberg,            University of Oslo,           Norway      (geometry analysis, selected one-electron integrals)
  Trygve Helgaker,          University of Oslo,           Norway      (DALTON; ABACUS, ERI, DFT modules, London, and much more)
  Alf Christian Hennum,     University of Oslo,           Norway      (Parity violation)
  Hinne Hettema,            University of Auckland,       New Zealand (quadratic response in RESPONS; SIRIUS supersymmetry)
  Eirik Hjertenaes,         NTNU,                         Norway      (Cholesky decomposition)
  Maria Francesca Iozzi,    University of Oslo,           Norway      (RPA)
  Brano Jansik              Technical Univ. of Ostrava    Czech Rep.  (DFT cubic response)
  Hans Joergen Aa. Jensen,  Univ. of Southern Denmark,    Denmark     (DALTON; SIRIUS, RESPONS, ABACUS modules, London, and much more)
  Dan Jonsson,              UiT The Arctic U. of Norway,  Norway      (cubic response in RESPONS module)
  Poul Joergensen,          Aarhus University,            Denmark     (RESPONS, ABACUS, and CC modules)
  Maciej Kaminski,          University of Warsaw,         Poland      (CPPh in RESPONS)
  Joanna Kauczor,           Linkoeping University,        Sweden      (Complex polarization propagator (CPP) module)
  Sheela Kirpekar,          Univ. of Southern Denmark,    Denmark     (Mass-velocity & Darwin integrals)
  Wim Klopper,              KIT Karlsruhe,                Germany     (R12 code in CC, SIRIUS, and ABACUS modules)
  Stefan Knecht,            ETH Zurich,                   Switzerland (Parallel CI and MCSCF)
  Rika Kobayashi,           Australian National Univ.,    Australia   (DIIS in CC, London in MCSCF)
  Henrik Koch,              NTNU,                         Norway      (CC module, Cholesky decomposition)
  Jacob Kongsted,           Univ. of Southern Denmark,    Denmark     (Polarizable embedding model, QM/MM)
  Andrea Ligabue,           University of Modena,         Italy       (CTOCD, AOSOPPA)
  Nanna H. List             Univ. of Southern Denmark,    Denmark     (Polarizable embedding model)
  Ola B. Lutnaes,           University of Oslo,           Norway      (DFT Hessian)
  Juan I. Melo,             University of Buenos Aires,   Argentina   (LRESC, Relativistic Effects on NMR Shieldings)
  Kurt V. Mikkelsen,        University of Copenhagen,     Denmark     (MC-SCRF and QM/MM)
  Rolf H. Myhre,            NTNU,                         Norway      (Cholesky, subsystems and ECC2)
  Christian Neiss,          Univ. Erlangen-Nuernberg,     Germany     (CCSD(R12))
  Christian B. Nielsen,     University of Copenhagen,     Denmark     (QM/MM)
  Patrick Norman,           Linkoeping University,        Sweden      (Cubic response and complex response in RESPONS)
  Jeppe Olsen,              Aarhus University,            Denmark     (SIRIUS CI/density modules)
  Jogvan Magnus H. Olsen,   Univ. of Southern Denmark,    Denmark     (Polarizable embedding model, QM/MM)
  Anders Osted,             Copenhagen University,        Denmark     (QM/MM)
  Martin J. Packer,         University of Sheffield,      UK          (SOPPA)
  Filip Pawlowski,          Kazimierz Wielki University,  Poland      (CC3)
  Morten N. Pedersen,       Univ. of Southern Denmark,    Denmark     (Polarizable embedding model)
  Thomas B. Pedersen,       University of Oslo,           Norway      (Cholesky decomposition)
  Patricio F. Provasi,      University of Northeastern,   Argentina   (Analysis of coupling constants in localized orbitals)
  Zilvinas Rinkevicius,     KTH Stockholm,                Sweden      (open-shell DFT, ESR)
  Elias Rudberg,            KTH Stockholm,                Sweden      (DFT grid and basis info)
  Torgeir A. Ruden,         University of Oslo,           Norway      (Numerical derivatives in ABACUS)
  Kenneth Ruud,             UiT The Arctic U. of Norway,  Norway      (DALTON; ABACUS magnetic properties and much more)
  Pawel Salek,              KTH Stockholm,                Sweden      (DALTON; DFT code)
  Claire C. M. Samson       University of Karlsruhe       Germany     (Boys localization, r12 integrals in ERI)
  Alfredo Sanchez de Meras, University of Valencia,       Spain       (CC module, Cholesky decomposition)
  Trond Saue,               Paul Sabatier University,     France      (direct Fock matrix construction)
  Stephan P. A. Sauer,      University of Copenhagen,     Denmark     (SOPPA(CCSD), SOPPA prop., AOSOPPA, vibrational g-factors)
  Bernd Schimmelpfennig,    Forschungszentrum Karlsruhe,  Germany     (AMFI module)
  Kristian Sneskov,         Aarhus University,            Denmark     (Polarizable embedding model, QM/MM)
  Arnfinn H. Steindal,      UiT The Arctic U. of Norway,  Norway      (parallel QM/MM, Polarizable embedding model)
  Casper Steinmann,         Univ. of Southern Denmark,    Denmark     (QFIT, Polarizable embedding model)
  K. O. Sylvester-Hvid,     University of Copenhagen,     Denmark     (MC-SCRF)
  Peter R. Taylor,          VLSCI/Univ. of Melbourne,     Australia   (Symmetry handling ABACUS, integral transformation)
  Andrew M. Teale,          University of Nottingham,     England     (DFT-AC, DFT-D)
  David P. Tew,             University of Bristol,        England     (CCSD(R12))
  Olav Vahtras,             KTH Stockholm,                Sweden      (triplet response, spin-orbit, ESR, TDDFT, open-shell DFT)
  David J. Wilson,          La Trobe University,          Australia   (DFT Hessian and DFT magnetizabilities)
  Hans Agren,               KTH Stockholm,                Sweden      (SIRIUS module, RESPONS, MC-SCRF solvation model)
 --------------------------------------------------------------------------------

     Date and time (Linux)  : Thu Dec 11 09:56:16 2014
     Host name              : olav-ThinkPad-X1                        

 * Work memory size             :    64000000 =  488.28 megabytes.

 * Directories for basis set searches:
   1) /home/olav/proj/L-edge_splitting/S
   2) /home/olav/dev/dalton/git/build/master/basis


Compilation information
-----------------------

 Who compiled             | olav
 Host                     | olav-ThinkPad-X1
 System                   | Linux-3.13.0-40-generic
 CMake generator          | Unix Makefiles
 Processor                | x86_64
 64-bit integers          | OFF
 MPI                      | ON
 Fortran compiler         | /usr/bin/mpif90
 Fortran compiler version | GNU Fortran (Ubuntu 4.8.2-19ubuntu1) 4.8.2
 C compiler               | /usr/bin/mpicc
 C compiler version       | gcc (Ubuntu 4.8.2-19ubuntu1) 4.8.2
 C++ compiler             | /usr/bin/mpicxx
 C++ compiler version     | unknown
 BLAS                     | /usr/lib/libblas.so
 LAPACK                   | /usr/lib/liblapack.so
 Static linking           | OFF
 Last Git revision        | 907d8fed1eb409fb94e266293839d37fd9eba90d
 Git branch               | master
 Configuration time       | 2014-12-09 17:11:06.988350

 * Sequential calculation.


   Content of the .dal input file
 ----------------------------------

**DALTON                                          
.RUN WAVE                                         
**INTEGRAL                                        
.SPIN-ORBIT                                       
**WAVE FUNCTION                                   
.HF                                               
.INTERFACE                                        
**END OF                                          


   Content of the .mol file
 ----------------------------

BASIS                                                                          
cc-pVTZ                                                                        
Sulphur                                                                        
atom                                                                           
Atomtypes=1                                                                    
Atoms=1 Charge=16                                                              
S       0 0 0                                                                  


       *******************************************************************
       *********** Output from DALTON general input processing ***********
       *******************************************************************

 --------------------------------------------------------------------------------
   Overall default print level:    0
   Print level for DALTON.STAT:    1

    HERMIT 1- and 2-electron integral sections will be executed
    "Old" integral transformation used (limited to max 255 basis functions)
    Wave function sections will be executed (SIRIUS module)
 --------------------------------------------------------------------------------


   ****************************************************************************
   *************** Output of molecule and basis set information ***************
   ****************************************************************************


    The two title cards from your ".mol" input:
    ------------------------------------------------------------------------
 1: Sulphur                                                                 
 2: atom                                                                    
    ------------------------------------------------------------------------

  Atomic type no.    1
  --------------------
  Nuclear charge:  16.00000
  Number of symmetry independent centers:    1
  Number of basis sets to read;    2
  Basis set file used for this atomic type with Z =  16 :
     "/home/olav/dev/dalton/git/build/master/basis/cc-pVTZ"


                      SYMADD: Requested addition of symmetry
                      --------------------------------------

 Symmetry test threshold:  5.00E-06

@   The molecule is centered at center of mass and rotated
@   so principal axes of inertia are along coordinate axes.

 Symmetry class found: D(oo,h)        

 Symmetry Independent Centres             
 ----------------------------
      16 :      0.00000000     0.00000000     0.00000000  Isotope  1

 The following elements were found:   X  Y  Z  


                         SYMGRP: Point group information
                         -------------------------------

@    Full point group is: D(oo,h)        
@    Represented as:      D2h

@  * The irrep name for each symmetry:    1: Ag     2: B3u    3: B2u    4: B1g    5: B1u    6: B2g    7: B3g    8: Au 


   * The point group was generated by:

      Reflection in the yz-plane
      Reflection in the xz-plane
      Reflection in the xy-plane

   * Group multiplication table

        |  E   C2z  C2y  C2x   i   Oxy  Oxz  Oyz
   -----+----------------------------------------
     E  |  E   C2z  C2y  C2x   i   Oxy  Oxz  Oyz
    C2z | C2z   E   C2x  C2y  Oxy   i   Oyz  Oxz
    C2y | C2y  C2x   E   C2z  Oxz  Oyz   i   Oxy
    C2x | C2x  C2y  C2z   E   Oyz  Oxz  Oxy   i 
     i  |  i   Oxy  Oxz  Oyz   E   C2z  C2y  C2x
    Oxy | Oxy   i   Oyz  Oxz  C2z   E   C2x  C2y
    Oxz | Oxz  Oyz   i   Oxy  C2y  C2x   E   C2z
    Oyz | Oyz  Oxz  Oxy   i   C2x  C2y  C2z   E 

   * Character table

        |  E   C2z  C2y  C2x   i   Oxy  Oxz  Oyz
   -----+----------------------------------------
    Ag  |   1    1    1    1    1    1    1    1
    B3u |   1   -1   -1    1   -1    1    1   -1
    B2u |   1   -1    1   -1   -1    1   -1    1
    B1g |   1    1   -1   -1    1    1   -1   -1
    B1u |   1    1   -1   -1   -1   -1    1    1
    B2g |   1   -1    1   -1    1   -1    1   -1
    B3g |   1   -1   -1    1    1   -1   -1    1
    Au  |   1    1    1    1   -1   -1   -1   -1

   * Direct product table

        | Ag   B3u  B2u  B1g  B1u  B2g  B3g  Au 
   -----+----------------------------------------
    Ag  | Ag   B3u  B2u  B1g  B1u  B2g  B3g  Au 
    B3u | B3u  Ag   B1g  B2u  B2g  B1u  Au   B3g
    B2u | B2u  B1g  Ag   B3u  B3g  Au   B1u  B2g
    B1g | B1g  B2u  B3u  Ag   Au   B3g  B2g  B1u
    B1u | B1u  B2g  B3g  Au   Ag   B3u  B2u  B1g
    B2g | B2g  B1u  Au   B3g  B3u  Ag   B1g  B2u
    B3g | B3g  Au   B1u  B2g  B2u  B1g  Ag   B3u
    Au  | Au   B3g  B2g  B1u  B1g  B2u  B3u  Ag 


                                 Isotopic Masses
                                 ---------------

                           S          31.972072

                       Total mass:    31.972072 amu
                       Natural abundance:  95.020 %

 Center-of-mass coordinates (a.u.):    0.000000    0.000000    0.000000


  Atoms and basis sets
  --------------------

  Number of atom types :    1
  Total number of atoms:    1

  Basis set used is "cc-pVTZ" from the basis set library.

  label    atoms   charge   prim   cont     basis
  ----------------------------------------------------------------------
  S           1   16.0000    59    34      [15s9p2d1f|5s4p2d1f]                               
  ----------------------------------------------------------------------
  total:      1   16.0000    59    34
  ----------------------------------------------------------------------
  Spherical harmonic basis used.

  Threshold for neglecting AO integrals:  1.00D-12


  Cartesian Coordinates (a.u.)
  ----------------------------

  Total number of coordinates:    3
  S       :     1  x   0.0000000000    2  y   0.0000000000    3  z   0.0000000000


  Symmetry Coordinates
  --------------------

  Number of coordinates in each symmetry:     0    1    1    0    1    0    0    0

  Symmetry  B3u ( 2)

    1   S     x    1

  Symmetry  B2u ( 3)

    2   S     y    2

  Symmetry  B1u ( 5)

    3   S     z    3


@ This is an atomic calculation.


  Symmetry Orbitals
  -----------------

  Number of orbitals in each symmetry:           9    6    6    2    6    2    2    1


  Symmetry  Ag ( 1)

    1     S        1s         1
    2     S        1s         2
    3     S        1s         3
    4     S        1s         4
    5     S        1s         5
    6     S        3d0       20
    7     S        3d2+      22
    8     S        3d0       25
    9     S        3d2+      27


  Symmetry  B3u( 2)

   10     S        2px        6
   11     S        2px        9
   12     S        2px       12
   13     S        2px       15
   14     S        4f1+      32
   15     S        4f3+      34


  Symmetry  B2u( 3)

   16     S        2py        7
   17     S        2py       10
   18     S        2py       13
   19     S        2py       16
   20     S        4f3-      28
   21     S        4f1-      30


  Symmetry  B1g( 4)

   22     S        3d2-      18
   23     S        3d2-      23


  Symmetry  B1u( 5)

   24     S        2pz        8
   25     S        2pz       11
   26     S        2pz       14
   27     S        2pz       17
   28     S        4f0       31
   29     S        4f2+      33


  Symmetry  B2g( 6)

   30     S        3d1+      21
   31     S        3d1+      26


  Symmetry  B3g( 7)

   32     S        3d1-      19
   33     S        3d1-      24


  Symmetry  Au ( 8)

   34     S        4f2-      29

  Symmetries of electric field:  B3u(2)  B2u(3)  B1u(5)

  Symmetries of magnetic field:  B3g(7)  B2g(6)  B1g(4)


                     .---------------------------------------.
                     | Starting in Integral Section (HERMIT) |
                     `---------------------------------------'



 ***************************************************************************************
 ****************** Output from **INTEGRALS input processing (HERMIT) ******************
 ***************************************************************************************



    *************************************************************************
    ****************** Output from HERMIT input processing ******************
    *************************************************************************


 Default print level:        1

 * Nuclear model: Point charge

 Calculation of one- and two-electron Hamiltonian integrals.

 The following one-electron property integrals are calculated as requested:
          - overlap integrals
          - spatial spin-orbit integrals

 Center of mass  (bohr):      0.000000000000      0.000000000000      0.000000000000
 Operator center (bohr):      0.000000000000      0.000000000000      0.000000000000
 Gauge origin    (bohr):      0.000000000000      0.000000000000      0.000000000000
 Dipole origin   (bohr):      0.000000000000      0.000000000000      0.000000000000


     ************************************************************************
     ************************** Output from HERINT **************************
     ************************************************************************


 Threshold for neglecting two-electron integrals:  1.00D-12
 HERMIT - Number of two-electron integrals written:       19443 ( 11.0% )
 HERMIT - Megabytes written:                              0.227


   Two-electron spin-orbit integrals
   =================================
   Spin-orbit 2-electron CPU  time      0. seconds
   Spin-orbit 2-electron wall time      0. seconds
 >>>> Total CPU  time used in HERMIT:   0.11 seconds
 >>>> Total wall time used in HERMIT:   0.11 seconds


                        .----------------------------------.
                        | End of Integral Section (HERMIT) |
                        `----------------------------------'



                   .--------------------------------------------.
                   | Starting in Wave Function Section (SIRIUS) |
                   `--------------------------------------------'


 *** Output from Huckel module :

     Using EWMO model:          T
     Using EHT  model:          F
     Number of Huckel orbitals each symmetry:    5    2    2    1    2    1    1    0

 EWMO - Energy Weighted Maximum Overlap - is a Huckel type method,
        which normally is better than Extended Huckel Theory.
 Reference: Linderberg and Ohrn, Propagators in Quantum Chemistry (Wiley, 1973)

 Huckel EWMO eigenvalues for symmetry :  1
          -92.010400      -9.009900      -0.882700      -0.055556      -0.055556

 Huckel EWMO eigenvalues for symmetry :  2
           -6.688000      -0.426300

 Huckel EWMO eigenvalues for symmetry :  3
           -6.688000      -0.426300

 Huckel EWMO eigenvalues for symmetry :  4
           -0.055556

 Huckel EWMO eigenvalues for symmetry :  5
           -6.688000      -0.426300

 Huckel EWMO eigenvalues for symmetry :  6
           -0.055556

 Huckel EWMO eigenvalues for symmetry :  7
           -0.055556

 **********************************************************************
 *SIRIUS* a direct, restricted step, second order MCSCF program       *
 **********************************************************************

 
     Date and time (Linux)  : Thu Dec 11 09:56:16 2014
     Host name              : olav-ThinkPad-X1                        

 Title lines from ".mol" input file:
     Sulphur                                                                 
     atom                                                                    

 Print level on unit LUPRI =   2 is   0
 Print level on unit LUW4  =   2 is   5

@    Restricted, closed shell Hartree-Fock calculation.

 Initial molecular orbitals are obtained according to
 ".MOSTART EWMO  " input option

     Wave function specification
     ============================
@    Wave function type        >>> HF <<<
@    Number of closed shell electrons          16
@    Number of electrons in active shells       0
@    Total charge of the molecule               0

@    Spin multiplicity and 2 M_S                1         0
@    Total number of symmetries                 8 (point group: D2h)
@    Reference state symmetry                   1 (irrep name : Ag )

     Orbital specifications
     ======================
     Abelian symmetry species          All |    1    2    3    4    5    6    7    8
                                           |  Ag   B3u  B2u  B1g  B1u  B2g  B3g  Au 
                                       --- |  ---  ---  ---  ---  ---  ---  ---  ---
     Total number of orbitals           34 |    9    6    6    2    6    2    2    1
     Number of basis functions          34 |    9    6    6    2    6    2    2    1

      ** Automatic occupation of RHF orbitals **

      -- Initial occupation of symmetries is determined from extended Huckel guess.           
      -- Initial occupation of symmetries is :
@    Occupied SCF orbitals               8 |    3    2    2    0    1    0    0    0

     Maximum number of Fock   iterations      0
     Maximum number of DIIS   iterations     60
     Maximum number of QC-SCF iterations     60
     Threshold for SCF convergence     1.00D-05


 ***********************************************
 ***** DIIS acceleration of SCF iterations *****
 ***********************************************

 C1-DIIS algorithm; max error vectors =    8

 Automatic occupation of symmetries with  16 electrons.

 Iter     Total energy    Error norm  Delta(E)    SCF occupation
 -----------------------------------------------------------------------------
     (Precalculated two-electron integrals are transformed to P-supermatrix elements.
      Threshold for discarding integrals :  1.00D-12 )
@  1  -397.421686695       2.76D-01  -3.97D+02     3   2   2   0   1   0   0   0
      Virial theorem: -V/T =      1.999122
@      MULPOP S       0.00; 
 -----------------------------------------------------------------------------
@  2  -397.424829965       3.92D-02  -3.14D-03     3   2   2   0   1   0   0   0
      Virial theorem: -V/T =      2.000173
@      MULPOP S      -0.00; 
 -----------------------------------------------------------------------------
@  3  -397.424912903       7.59D-03  -8.29D-05     3   2   2   0   1   0   0   0
      Virial theorem: -V/T =      1.999966
@      MULPOP S      -0.00; 
 -----------------------------------------------------------------------------
@  4  -397.424915655       8.12D-04  -2.75D-06     3   2   2   0   1   0   0   0
      Virial theorem: -V/T =      2.000006
@      MULPOP S      -0.00; 
 -----------------------------------------------------------------------------
@  5  -397.424915727       6.10D-05  -7.14D-08     3   2   2   0   1   0   0   0
      Virial theorem: -V/T =      2.000006
@      MULPOP S       0.00; 
 -----------------------------------------------------------------------------
@  6  -397.424915727       5.46D-06  -3.29D-10     3   2   2   0   1   0   0   0

@ *** DIIS converged in   6 iterations !
@     Converged SCF energy, gradient:   -397.424915727168    5.46D-06
    - total time used in SIRFCK :              0.00 seconds


 *** SCF orbital energy analysis ***

 Only the five lowest virtual orbital energies printed in each symmetry.

 Number of electrons :   16
 Orbital occupations :    3    2    2    0    1    0    0    0

 Sym       Hartree-Fock orbital energies

1 Ag    -92.02088563    -9.01861266    -0.88715264     0.47871695     0.52810278
          0.54135483     1.76728003     1.82512400

2 B3u    -6.69468568    -0.40432173     0.42919691     1.88225261     1.94619367
          2.24147366

3 B2u    -6.69468568    -0.40432173     0.42919691     1.88225261     1.94619367
          2.24147366

4 B1g     0.54135483     1.82512400

5 B1u    -6.69995268    -0.06897961     0.42611880     1.87436319     1.90599955
          2.20624315

6 B2g     0.52853196     1.78089395

7 B3g     0.52853196     1.78089395

8 Au      1.90599955

    E(LUMO) :    -0.06897961 au (symmetry 5)
  - E(HOMO) :    -0.40432173 au (symmetry 3)
  ------------------------------------------
    gap     :     0.33534212 au

 >>> Writing SIRIFC interface file

 >>>> CPU and wall time for SCF :       0.005       0.004


                       .-----------------------------------.
                       | >>> Final results from SIRIUS <<< |
                       `-----------------------------------'


@    Spin multiplicity:           1
@    Spatial symmetry:            1 ( irrep  Ag  in D2h )
@    Total charge of molecule:    0

@    Final HF energy:            -397.424915727168                 
@    Nuclear repulsion:             0.000000000000
@    Electronic energy:          -397.424915727168

@    Final gradient norm:           0.000005464986

 
     Date and time (Linux)  : Thu Dec 11 09:56:16 2014
     Host name              : olav-ThinkPad-X1                        

 (Only coefficients >0.0100 are printed.)

 Molecular orbitals for symmetry species 1  (Ag )
 ------------------------------------------------

    Orbital         1        2        3        4        5
   1 S   :1s     1.0000   0.0000  -0.0001  -0.1522  -0.0252
   2 S   :1s    -0.0000   1.0002  -0.0001  -1.0676  -0.1743
   3 S   :1s    -0.0000   0.0001   1.0031  -2.9061  -0.4675
   4 S   :1s     0.0000  -0.0002   0.0020   0.2731   0.0539
   5 S   :1s     0.0000  -0.0000  -0.0047   3.0875   0.4795
   6 S   :3d0    0.0000   0.0015   0.0005  -0.0126  -0.1355
   8 S   :3d0   -0.0000  -0.0010  -0.0103   0.1597  -0.9018

 Molecular orbitals for symmetry species 2  (B3u)
 ------------------------------------------------

    Orbital         1        2        3        4
   1 S   :2px    1.0018  -0.0056   0.3870   0.0418
   2 S   :2px    0.0012   0.9671   2.0721   0.0687
   3 S   :2px   -0.0034   0.0105  -0.4586  -0.0783
   4 S   :2px   -0.0011   0.0314  -2.1350  -0.0395
   5 S   :4f1+   0.0003   0.0143   0.0089   0.9994

 Molecular orbitals for symmetry species 3  (B2u)
 ------------------------------------------------

    Orbital         1        2        3        4
   1 S   :2py    1.0018  -0.0056   0.3870   0.0418
   2 S   :2py    0.0012   0.9671   2.0721   0.0687
   3 S   :2py   -0.0034   0.0105  -0.4586  -0.0783
   4 S   :2py   -0.0011   0.0314  -2.1350  -0.0395
   6 S   :4f1-   0.0003   0.0143   0.0089   0.9994

 Molecular orbitals for symmetry species 4  (B1g)
 ------------------------------------------------

    Orbital         1        2
   1 S   :3d2-   0.1401  -1.2382
   2 S   :3d2-   0.9101   0.8512

 Molecular orbitals for symmetry species 5  (B1u)
 ------------------------------------------------

    Orbital         1        2        3
   1 S   :2pz    0.9966  -0.0288   0.4005
   2 S   :2pz   -0.0048   0.7602   2.2210
   3 S   :2pz    0.0065   0.0169  -0.4891
   4 S   :2pz    0.0022   0.2650  -2.1387
   5 S   :4f0    0.0004   0.0158   0.0128

 Molecular orbitals for symmetry species 6  (B2g)
 ------------------------------------------------

    Orbital         1        2
   1 S   :3d1+   0.1348  -1.2388
   2 S   :3d1+   0.9137   0.8473

 Molecular orbitals for symmetry species 7  (B3g)
 ------------------------------------------------

    Orbital         1        2
   1 S   :3d1-   0.1348  -1.2388
   2 S   :3d1-   0.9137   0.8473

 Molecular orbitals for symmetry species 8  (Au )
 ------------------------------------------------

    Orbital         1
   1 S   :4f2-   1.0000



 >>>> Total CPU  time used in SIRIUS :      0.01 seconds
 >>>> Total wall time used in SIRIUS :      0.01 seconds

 
     Date and time (Linux)  : Thu Dec 11 09:56:16 2014
     Host name              : olav-ThinkPad-X1                        


                     .---------------------------------------.
                     | End of Wave Function Section (SIRIUS) |
                     `---------------------------------------'

 >>>> Total CPU  time used in DALTON:   0.13 seconds
 >>>> Total wall time used in DALTON:   0.13 seconds

 
     Date and time (Linux)  : Thu Dec 11 09:56:16 2014
     Host name              : olav-ThinkPad-X1                        
